Ninja Virtual Machine started
8
Ninja Virtual Machine stopped
