Ninja Virtual Machine started
5! = 120
Ninja Virtual Machine stopped