Ninja Virtual Machine started
Exactly!
Ninja Virtual Machine stopped
